ERC report (2026-08-04T23:01:43, Encoding UTF8)
Report includes: Errors, Warnings, Exclusions

***** Sheet /
[unconnected_wire_endpoint]: Unconnected wire endpoint
    ; warning
    @(700 mils, 1850 mils): Horizontal Wire, length 200 mils
[unconnected_wire_endpoint]: Unconnected wire endpoint
    ; warning
    @(7500 mils, 1600 mils): Horizontal Wire, length 1300 mils
[unconnected_wire_endpoint]: Unconnected wire endpoint
    ; warning
    @(3100 mils, 6150 mils): Horizontal Wire, length 1300 mils

***** Sheet /Power/
[pin_not_connected]: Pin not connected
    ; error
    @(800 mils, 1850 mils): Symbol J1 Pin CC2 [CC2, Passive, Line]
[pin_not_connected]: Pin not connected
    ; error
    @(6000 mils, 1700 mils): Symbol R38 Pin 1 [Passive, Line]

***** Sheet /MCU_Radio/
[pin_not_connected]: Pin not connected
    ; error
    @(3200 mils, 6150 mils): Symbol PB1 Pin 6 [B, Passive, Line]
[pin_not_connected]: Pin not connected
    ; error
    @(4500 mils, 6050 mils): Symbol R3 Pin 1 [Passive, Line]

***** Sheet /GPS/

***** Sheet /Sensors_Storage/

 ** ERC messages: 7  Errors 4  Warnings 3

 ** Ignored checks:
    - Global label only appears once in the schematic
    - Four connection points are joined together
    - SPICE model issue
    - Assigned footprint doesn't match footprint filters
